{"level":"info","message":"Starting event reminder job","timestamp":"2024-08-17T20:50:57.253Z"}
{"level":"info","message":"Found 2 event(s) happening tomorrow","timestamp":"2024-08-17T20:51:01.089Z"}
{"level":"info","message":"Notification sent to user sagi for event \"adsads\"","timestamp":"2024-08-17T20:51:01.217Z"}
{"level":"info","message":"Notification sent to user DeadlyGoat for event \"adsads\"","timestamp":"2024-08-17T20:51:01.341Z"}
{"level":"info","message":"Notification sent to user sagi for event \"asdasd\"","timestamp":"2024-08-17T20:51:01.462Z"}
{"level":"info","message":"Starting event reminder job","timestamp":"2024-08-17T20:52:08.717Z"}
{"level":"info","message":"Found 2 event(s) happening tomorrow","timestamp":"2024-08-17T20:52:11.492Z"}
{"level":"info","message":"Notification sent to user sagi for event \"adsads\"","timestamp":"2024-08-17T20:52:11.622Z"}
{"level":"info","message":"Notification sent to user DeadlyGoat for event \"adsads\"","timestamp":"2024-08-17T20:52:11.749Z"}
{"level":"info","message":"Starting event reminder job","timestamp":"2024-08-17T20:57:52.969Z"}
{"level":"info","message":"Found 2 event(s) happening tomorrow","timestamp":"2024-08-17T20:57:56.774Z"}
{"level":"info","message":"Notification sent to user sagi for event \"adsads\"","timestamp":"2024-08-17T20:57:56.909Z"}
{"level":"info","message":"Notification sent to user DeadlyGoat for event \"adsads\"","timestamp":"2024-08-17T20:57:57.033Z"}
{"level":"info","message":"Notification sent to user sagi for event \"asdasd\"","timestamp":"2024-08-17T20:57:57.156Z"}
{"level":"info","message":"Starting event reminder job","timestamp":"2024-08-17T20:59:54.360Z"}
{"level":"info","message":"Found 2 event(s) happening tomorrow","timestamp":"2024-08-17T20:59:57.211Z"}
{"level":"info","message":"Notification sent to user sagi for event \"adsads\"","timestamp":"2024-08-17T20:59:57.340Z"}
{"level":"info","message":"Notification sent to user DeadlyGoat for event \"adsads\"","timestamp":"2024-08-17T20:59:57.467Z"}
{"level":"info","message":"Notification sent to user sagi for event \"asdasd\"","timestamp":"2024-08-17T20:59:57.592Z"}
{"level":"info","message":"Starting event reminder job","timestamp":"2024-08-17T21:02:29.867Z"}
{"level":"info","message":"No events found for tomorrow","timestamp":"2024-08-17T21:02:31.968Z"}
{"level":"info","message":"Starting event reminder job","timestamp":"2024-08-17T21:03:54.474Z"}
{"level":"info","message":"Found 1 event(s) happening tomorrow","timestamp":"2024-08-17T21:03:57.168Z"}
{"level":"info","message":"Starting event reminder job","timestamp":"2024-08-17T21:05:44.794Z"}
{"level":"info","message":"Found 1 event(s) happening tomorrow","timestamp":"2024-08-17T21:05:47.698Z"}
{"level":"info","message":"Notification sent to user sagi for event \"qsadasd\"","timestamp":"2024-08-17T21:05:47.829Z"}
